// Jest Snapshot v1, https://goo.gl/fbAQLP

exports[`<Main /> should render the heading 1`] = `
<main
  class="styles__Wrapper-gpRyM htndjQ"
>
  <img
    alt="Atom image and react advanced write besides"
    class="styles__Logo-bRCRwg dBQoku"
    src="/img/logo.svg"
  />
  <h1
    class="styles__Title-cLDGHr bZCzI"
  >
    React Avan√ßado
  </h1>
  <h2
    class="styles__Description-emfICt cVhroE"
  >
    TypeScript, ReactJS, NextJS and Styled components
  </h2>
  <img
    alt="A developer working"
    class="styles__Illustration-fzyGQP bYTAWd"
    src="/img/hero-illustration.svg"
  />
</main>
`
